// Jest Snapshot v1, https://goo.gl/fbAQLP

exports[`DateTimePicker Når den instansieres for første gang Så renderes den riktig 1`] = `
<fieldset
  id="datetime1-wrapper"
>
  <div
    class="mol_validation customclassname"
  >
    <div
      aria-hidden="false"
      class="ReactCollapse--collapse"
      style="height: auto; overflow: initial;"
    >
      <div
        class="ReactCollapse--content"
      >
        <div
          aria-live="assertive"
          class="mol_validation__errortext"
        />
      </div>
    </div>
    <legend>
      Når ble du behandlet?
    </legend>
    <div
      class="datetimepicker"
    >
      <div
        class="datetimepicker__date"
      >
        <div
          class="datepicker"
          id="datetime1-date-wrapper"
        >
          <fieldset>
            <legend
              class="datepicker__legend"
            >
              <span
                class="datepicker__legend__label "
              >
                dato
              </span>
              <em
                class="datepicker__legend__sublabel"
              >
                 (dd.mm.åååå)
              </em>
            </legend>
            <div
              class="SingleDatePicker SingleDatePicker_1"
            >
              <div>
                <div
                  class="SingleDatePickerInput SingleDatePickerInput_1 SingleDatePickerInput__withBorder SingleDatePickerInput__withBorder_2"
                >
                  <div
                    class="DateInput DateInput_1"
                  >
                    <input
                      aria-describedby="DateInput__screen-reader-message-datetime1-date"
                      aria-label="dd.mm.åååå"
                      autocomplete="off"
                      class="DateInput_input DateInput_input_1"
                      id="datetime1-date"
                      name="datetime1-date"
                      placeholder="dd.mm.åååå"
                      required=""
                      type="text"
                      value="18.07.2020"
                    />
                    <p
                      class="DateInput_screenReaderMessage DateInput_screenReaderMessage_1"
                      id="DateInput__screen-reader-message-datetime1-date"
                    >
                      Skriv inn dato eller tab videre for å bruke kalenderen
                    </p>
                  </div>
                  <button
                    aria-label="Bruk kalenderen og velg dato."
                    class="SingleDatePickerInput_calendarIcon SingleDatePickerInput_calendarIcon_1"
                    type="button"
                  >
                    <span>
                      <svg
                        aria-hidden="true"
                        class="hnds-style-icon datepicker__input-icon"
                        data-analyticsid="icon"
                        fill="black"
                        height="36"
                        role="img"
                        style="min-width: 36px; min-height: 36px;"
                        viewBox="0 0 48 48"
                        width="36"
                      >
                        <path
                          d="M32.86 22.986a.984.984 0 010 1.967.984.984 0 010-1.967zm0 3.03a2.049 2.049 0 002.046-2.047 2.049 2.049 0 00-2.046-2.046 2.049 2.049 0 00-2.046 2.046c0 1.13.918 2.047 2.046 2.047zm6.21-7.864H8.68v-6.194h3.846v1.161a2.243 2.243 0 002.241 2.241 2.243 2.243 0 002.241-2.24v-1.162H30.62v1.161a2.244 2.244 0 002.241 2.241 2.243 2.243 0 002.241-2.24v-1.162h3.97v6.194zM8.678 35.982H39.07v-16.53H8.678v16.53zm5.148-26.273c0-.518.422-.94.941-.94.52 0 .941.422.941.94v3.41a.942.942 0 01-1.882 0V9.71zm18.093 0c0-.518.422-.94.941-.94.52 0 .941.422.941.94v3.41a.942.942 0 01-1.882 0V9.71zm3.182.95v-.95a2.243 2.243 0 00-2.24-2.24 2.244 2.244 0 00-2.242 2.24v.95H17.01v-.95a2.243 2.243 0 00-2.242-2.24 2.243 2.243 0 00-2.24 2.24v.95H7.378V37.28h32.992V10.658h-5.27zm-8.157 16.167a.984.984 0 110 1.969.984.984 0 010-1.969zm0 3.03a2.049 2.049 0 002.047-2.047 2.049 2.049 0 00-2.047-2.046 2.049 2.049 0 00-2.046 2.046c0 1.13.918 2.047 2.046 2.047z"
                          fill-rule="evenodd"
                        />
                      </svg>
                    </span>
                  </button>
                </div>
              </div>
            </div>
          </fieldset>
        </div>
      </div>
      <div
        class="datetimepicker__time"
      >
        <div
          class="mol_timeinput datetimepicker__time__timeinput undefined"
          id="datetime1-time-wrapper"
        >
          <fieldset>
            <legend>
              <span
                class="mol_timeinput__legend"
              >
                <span
                  class="mol_timeinput__legend__label"
                >
                  klokke
                </span>
              </span>
            </legend>
            <div
              class="mol_timeinput__inputs"
            >
              <div
                class="safeInputField"
                id="datetime1-time_hours-wrapper"
              >
                <input
                  aria-label="Timer"
                  aria-required="true"
                  autocomplete="off"
                  class="hn-safe-input atom_input atom_input--medium atom_input--2"
                  max="23"
                  min="0"
                  required=""
                  type="number"
                  value="12"
                />
              </div>
              <span
                class="mol_timeinput__separator"
              >
                :
              </span>
              <div
                class="safeInputField"
                id="datetime1-time_minutes-wrapper"
              >
                <input
                  aria-label="Minutter"
                  aria-required="true"
                  autocomplete="off"
                  class="hn-safe-input atom_input atom_input--medium atom_input--2"
                  max="59"
                  min="0"
                  required=""
                  type="number"
                  value="10"
                />
              </div>
            </div>
          </fieldset>
        </div>
      </div>
    </div>
  </div>
</fieldset>
`;
