// Jest Snapshot v1, https://goo.gl/fbAQLP

exports[`DateRangePicker index Gitt at DateRangePicker skal rendres Når den har alle mulige labels Så sendes de videre til Label komponenten 1`] = `
<legend
  class="datepicker__legend"
>
  <span
    class="datepicker__legend__label "
  >
    Vanlig single daterangepicker
  </span>
  <em
    class="datepicker__legend__sublabel"
  >
     My required label
  </em>
  <em
    class="datepicker__legend__sublabel"
  >
     (dd.mm.åååå)
  </em>
</legend>
`;

exports[`DateRangePicker index Gitt at DateRangePicker skal rendres Når den har default locale og type single Så er kalendertekstene på norsk 1`] = `
<div
  class="datepicker mol_validation"
  id="daterangepicker-wrapper"
>
  <fieldset>
    <div
      aria-hidden="false"
      class="ReactCollapse--collapse"
      style="height: auto; overflow: initial;"
    >
      <div
        class="ReactCollapse--content"
      >
        <div
          aria-atomic="true"
          aria-live="assertive"
          class="mol_validation__errortext"
        />
      </div>
    </div>
    <div
      class="SingleDatePicker SingleDatePicker_1"
    >
      <div>
        <div
          class="SingleDatePickerInput SingleDatePickerInput_1 SingleDatePickerInput__withBorder SingleDatePickerInput__withBorder_2"
        >
          <div
            class="DateInput DateInput_1"
          >
            <input
              aria-describedby="DateInput__screen-reader-message-daterangepicker"
              aria-label="dd.mm.åååå"
              autocomplete="off"
              class="DateInput_input DateInput_input_1"
              id="daterangepicker"
              name="daterangepicker"
              placeholder="dd.mm.åååå"
              type="text"
              value="10.09.2019"
            />
            <p
              class="DateInput_screenReaderMessage DateInput_screenReaderMessage_1"
              id="DateInput__screen-reader-message-daterangepicker"
            >
              Skriv inn dato eller tab videre for å bruke kalenderen
            </p>
          </div>
          <button
            aria-label="Bruk kalenderen og velg dato."
            class="SingleDatePickerInput_calendarIcon SingleDatePickerInput_calendarIcon_1"
            type="button"
          >
            <span>
              <svg
                aria-hidden="true"
                class="hnds-style-icon datepicker__input-icon"
                data-analyticsid="icon"
                fill="black"
                focusable="false"
                height="36"
                role="presentation"
                style="min-width: 36px; min-height: 36px;"
                viewBox="0 0 48 48"
                width="36"
              >
                <path
                  d="M38.887 16.71H8.6v-6.197h3.862v1.17c0 1.223.994 2.216 2.216 2.216a2.218 2.218 0 002.215-2.215v-1.171h13.582v1.17c0 1.223.994 2.216 2.215 2.216a2.218 2.218 0 002.216-2.215v-1.171h3.982v6.197zM8.6 34.46h30.288V17.974H8.6V34.46zm5.125-26.17a.953.953 0 011.905 0v3.394a.953.953 0 01-1.905 0V8.289zm18.013 0a.953.953 0 011.905 0v3.394a.953.953 0 01-1.905 0V8.289zm3.168.96v-.96a2.218 2.218 0 00-2.216-2.216 2.218 2.218 0 00-2.215 2.215v.96H16.892v-.96a2.218 2.218 0 00-2.215-2.215 2.218 2.218 0 00-2.216 2.215v.96H7.336v26.475h32.815V9.249h-5.246zM27.67 28.292a1.508 1.508 0 100-3.016 1.508 1.508 0 000 3.016z"
                  fill-rule="evenodd"
                />
              </svg>
            </span>
          </button>
        </div>
      </div>
    </div>
  </fieldset>
</div>
`;
