// Jest Snapshot v1, https://goo.gl/fbAQLP

exports[`SafeInputField should validate max number 1`] = `false`;

exports[`SafeInputField should validate max text length 1`] = `false`;

exports[`SafeInputField should validate min number 1`] = `false`;

exports[`SafeInputField should validate min text length 1`] = `false`;

exports[`SafeInputField should validate regex 1`] = `false`;
