// Jest Snapshot v1, https://goo.gl/fbAQLP

exports[`DateRangePicker date-native-input Gitt at DateNativeInput skal rendres Når den bare har default verdier Så rendres den med rikitg id og locale 1`] = `
<input
  class="datepicker__native-input"
  id="id"
  type="date"
  value=""
/>
`;
