// Jest Snapshot v1, https://goo.gl/fbAQLP

exports[`SafeTextarea SafeTextarea renders correctly 1`] = `
<div
  class="mol_validation"
  id="test-wrapper"
>
  <textarea
    aria-invalid="false"
    aria-required="false"
    class="safetextarea__textarea safetextarea__textarea--medium"
    id="test"
    style="resize: none;"
  >
    test
  </textarea>
  <div
    class="safetextarea__printable-textarea-content"
  >
    test
  </div>
</div>
`;
