// Jest Snapshot v1, https://goo.gl/fbAQLP

exports[`PhoneLink PhoneLink renders without crashing 1`] = `null`;
